// Jest Snapshot v1, https://goo.gl/fbAQLP

exports[`OcModal displays input 1`] = `
<div class="oc-modal-background">
  <div tabindex="0" class="oc-modal oc-modal-info">
    <div class="oc-modal-title">
      <!----> <span>Create new folder</span>
    </div>
    <div class="oc-modal-body">
      <oc-text-input-stub type="text" value="New folder" label="Folder name" fixmessageline="true" class="oc-modal-body-input"></oc-text-input-stub>
      <div class="oc-modal-body-actions uk-flex uk-flex-right">
        <oc-button-stub type="button" size="medium" variation="default" justifycontent="center" gapsize="medium" color="default" class="oc-modal-body-actions-cancel">Cancel</oc-button-stub>
        <oc-button-stub type="button" size="medium" variation="primary" justifycontent="center" gapsize="medium" color="default" class="oc-modal-body-actions-confirm oc-ml-s">Confirm</oc-button-stub>
      </div>
    </div>
  </div>
</div>
`;

exports[`OcModal hides icon if not specified 1`] = `
<div class="oc-modal-background">
  <div tabindex="0" class="oc-modal oc-modal-info">
    <div class="oc-modal-title">
      <!----> <span>Example title</span>
    </div>
    <div class="oc-modal-body">
      <p class="oc-modal-body-message">Example message</p>
      <div class="oc-modal-body-actions uk-flex uk-flex-right">
        <oc-button-stub type="button" size="medium" variation="default" justifycontent="center" gapsize="medium" color="default" class="oc-modal-body-actions-cancel">Cancel</oc-button-stub>
        <oc-button-stub type="button" size="medium" variation="primary" justifycontent="center" gapsize="medium" color="default" class="oc-modal-body-actions-confirm oc-ml-s">Confirm</oc-button-stub>
      </div>
    </div>
  </div>
</div>
`;

exports[`OcModal matches snapshot 1`] = `
<div class="oc-modal-background">
  <div tabindex="0" class="oc-modal oc-modal-info">
    <div class="oc-modal-title">
      <oc-icon-stub name="info" arialabel="icon" type="span" size="medium" variation="system"></oc-icon-stub> <span>Example title</span>
    </div>
    <div class="oc-modal-body">
      <p class="oc-modal-body-message">Example message</p>
      <div class="oc-modal-body-actions uk-flex uk-flex-right">
        <oc-button-stub type="button" size="medium" variation="default" justifycontent="center" gapsize="medium" color="default" class="oc-modal-body-actions-cancel">Cancel</oc-button-stub>
        <oc-button-stub type="button" size="medium" variation="primary" justifycontent="center" gapsize="medium" color="default" class="oc-modal-body-actions-confirm oc-ml-s">Confirm</oc-button-stub>
      </div>
    </div>
  </div>
</div>
`;

exports[`OcModal overrides props message with slot 1`] = `
<div class="oc-modal-background">
  <div tabindex="0" class="oc-modal oc-modal-info">
    <div class="oc-modal-title">
      <!----> <span>Example title</span>
    </div>
    <div class="oc-modal-body">
      <div class="oc-modal-body-message">
        <p>Slot message</p>
      </div>
      <div class="oc-modal-body-actions uk-flex uk-flex-right">
        <oc-button-stub type="button" size="medium" variation="default" justifycontent="center" gapsize="medium" color="default" class="oc-modal-body-actions-cancel">Cancel</oc-button-stub>
        <oc-button-stub type="button" size="medium" variation="primary" justifycontent="center" gapsize="medium" color="default" class="oc-modal-body-actions-confirm oc-ml-s">Confirm</oc-button-stub>
      </div>
    </div>
  </div>
</div>
`;
