// Jest Snapshot v1, https://goo.gl/fbAQLP

exports[`OcTable displays all field types 1`] = `
<table class="oc-table">
  <thead class="oc-thead">
    <tr>
      <th class="oc-th oc-table-cell oc-table-cell-align-left oc-table-cell-align-bottom oc-table-cell-width-auto oc-text-nowrap oc-table-header-cell oc-table-header-cell-id">
        Id
      </th>
      <th class="oc-th oc-table-cell oc-table-cell-align-left oc-table-cell-align-bottom oc-table-cell-width-auto oc-text-nowrap oc-table-header-cell oc-table-header-cell-resource"><span class="slot-header">Hello world!</span></th>
      <th class="oc-th oc-table-cell oc-table-cell-align-left oc-table-cell-align-bottom oc-table-cell-width-auto oc-text-nowrap oc-table-header-cell oc-table-header-cell-doubled">
        Doubled
      </th>
    </tr>
  </thead>
  <tbody>
    <tr class="oc-tbody-tr oc-tbody-tr-4b136c0a-5057-11eb-ac70-eba264112003" style="height: 64px;">
      <td class="oc-td oc-table-cell oc-table-cell-align-left oc-table-cell-align-middle oc-table-cell-width-auto oc-table-data-cell oc-table-data-cell-id">4b136c0a-5057-11eb-ac70-eba264112003</td>
      <td class="oc-td oc-table-cell oc-table-cell-align-left oc-table-cell-align-middle oc-table-cell-width-auto oc-table-data-cell oc-table-data-cell-resource">
        <div class="slot"><span>
            Hello world!
          </span></div>
      </td>
      <td class="oc-td oc-table-cell oc-table-cell-align-left oc-table-cell-align-middle oc-table-cell-width-auto oc-table-data-cell oc-table-data-cell-doubled">
        Double of 2 is 4
      </td>
    </tr>
    <tr class="oc-tbody-tr oc-tbody-tr-8468c9f0-5057-11eb-924b-934c6fd827a2" style="height: 64px;">
      <td class="oc-td oc-table-cell oc-table-cell-align-left oc-table-cell-align-middle oc-table-cell-width-auto oc-table-data-cell oc-table-data-cell-id">8468c9f0-5057-11eb-924b-934c6fd827a2</td>
      <td class="oc-td oc-table-cell oc-table-cell-align-left oc-table-cell-align-middle oc-table-cell-width-auto oc-table-data-cell oc-table-data-cell-resource">
        <div class="slot"><span>
            Hello world!
          </span></div>
      </td>
      <td class="oc-td oc-table-cell oc-table-cell-align-left oc-table-cell-align-middle oc-table-cell-width-auto oc-table-data-cell oc-table-data-cell-doubled">
        Double of 6 is 12
      </td>
    </tr>
    <tr class="oc-tbody-tr oc-tbody-tr-9c4cf97e-5057-11eb-8044-b3d5df9caa21" style="height: 64px;">
      <td class="oc-td oc-table-cell oc-table-cell-align-left oc-table-cell-align-middle oc-table-cell-width-auto oc-table-data-cell oc-table-data-cell-id">9c4cf97e-5057-11eb-8044-b3d5df9caa21</td>
      <td class="oc-td oc-table-cell oc-table-cell-align-left oc-table-cell-align-middle oc-table-cell-width-auto oc-table-data-cell oc-table-data-cell-resource">
        <div class="slot"><span>
            Hello world!
          </span></div>
      </td>
      <td class="oc-td oc-table-cell oc-table-cell-align-left oc-table-cell-align-middle oc-table-cell-width-auto oc-table-data-cell oc-table-data-cell-doubled">
        Double of 12 is 24
      </td>
    </tr>
  </tbody>
  <!---->
</table>
`;

exports[`OcTable hides header 1`] = `
<table class="oc-table">
  <!---->
  <oc-tbody-stub>
    <oc-tr-stub class="oc-tbody-tr oc-tbody-tr-4b136c0a-5057-11eb-ac70-eba264112003" style="height: 64px;">
      <oc-td-stub alignh="left" alignv="middle" width="auto" class="oc-table-data-cell oc-table-data-cell-id">4b136c0a-5057-11eb-ac70-eba264112003</oc-td-stub>
      <oc-td-stub alignh="left" alignv="middle" width="auto" class="oc-table-data-cell oc-table-data-cell-resource"></oc-td-stub>
      <oc-td-stub alignh="left" alignv="middle" width="auto" class="oc-table-data-cell oc-table-data-cell-doubled">
        Double of 2 is 4
      </oc-td-stub>
    </oc-tr-stub>
    <oc-tr-stub class="oc-tbody-tr oc-tbody-tr-8468c9f0-5057-11eb-924b-934c6fd827a2" style="height: 64px;">
      <oc-td-stub alignh="left" alignv="middle" width="auto" class="oc-table-data-cell oc-table-data-cell-id">8468c9f0-5057-11eb-924b-934c6fd827a2</oc-td-stub>
      <oc-td-stub alignh="left" alignv="middle" width="auto" class="oc-table-data-cell oc-table-data-cell-resource"></oc-td-stub>
      <oc-td-stub alignh="left" alignv="middle" width="auto" class="oc-table-data-cell oc-table-data-cell-doubled">
        Double of 6 is 12
      </oc-td-stub>
    </oc-tr-stub>
    <oc-tr-stub class="oc-tbody-tr oc-tbody-tr-9c4cf97e-5057-11eb-8044-b3d5df9caa21" style="height: 64px;">
      <oc-td-stub alignh="left" alignv="middle" width="auto" class="oc-table-data-cell oc-table-data-cell-id">9c4cf97e-5057-11eb-8044-b3d5df9caa21</oc-td-stub>
      <oc-td-stub alignh="left" alignv="middle" width="auto" class="oc-table-data-cell oc-table-data-cell-resource"></oc-td-stub>
      <oc-td-stub alignh="left" alignv="middle" width="auto" class="oc-table-data-cell oc-table-data-cell-doubled">
        Double of 12 is 24
      </oc-td-stub>
    </oc-tr-stub>
  </oc-tbody-stub>
  <!---->
</table>
`;
