// Jest Snapshot v1, https://goo.gl/fbAQLP

exports[`OcTableFiles displays all fields 1`] = `
<table class="oc-table oc-table-sticky" slots="[object Object]">
  <thead class="oc-thead">
    <tr>
      <th class="oc-th oc-table-cell oc-table-cell-align-left oc-table-cell-align-bottom oc-table-cell-width-shrink oc-text-nowrap oc-table-header-cell oc-table-header-cell-select" style="top: 0px;">
        <div class="oc-table-files-select-all"><label for="oc-table-files-select-all" class="oc-cursor-pointer"><input id="oc-table-files-select-all" type="checkbox" name="checkbox" aria-label="Select all resources" class="oc-checkbox oc-checkbox-m" value="">
            <!---->
          </label></div>
      </th>
      <th class="oc-th oc-table-cell oc-table-cell-align-left oc-table-cell-align-bottom oc-table-cell-width-expand oc-text-nowrap oc-table-header-cell oc-table-header-cell-name" style="top: 0px;">
        Name
      </th>
      <th class="oc-th oc-table-cell oc-table-cell-align-right oc-table-cell-align-bottom oc-table-cell-width-auto oc-text-nowrap oc-table-header-cell oc-table-header-cell-size" style="top: 0px;">
        Size
      </th>
      <th class="oc-th oc-table-cell oc-table-cell-align-right oc-table-cell-align-bottom oc-table-cell-width-auto oc-text-nowrap oc-table-header-cell oc-table-header-cell-sharedWith" style="top: 0px;">
        Shared with
      </th>
      <th class="oc-th oc-table-cell oc-table-cell-align-right oc-table-cell-align-bottom oc-table-cell-width-auto oc-text-nowrap oc-table-header-cell oc-table-header-cell-owner" style="top: 0px;">
        Owner
      </th>
      <th class="oc-th oc-table-cell oc-table-cell-align-right oc-table-cell-align-bottom oc-table-cell-width-auto oc-text-nowrap oc-table-header-cell oc-table-header-cell-mdate" style="top: 0px;">
        Modified
      </th>
      <th class="oc-th oc-table-cell oc-table-cell-align-right oc-table-cell-align-bottom oc-table-cell-width-auto oc-text-nowrap oc-table-header-cell oc-table-header-cell-sdate" style="top: 0px;">
        Shared
      </th>
      <th class="oc-th oc-table-cell oc-table-cell-align-right oc-table-cell-align-bottom oc-table-cell-width-auto oc-text-nowrap oc-table-header-cell oc-table-header-cell-ddate" style="top: 0px;">
        Deleted
      </th>
      <th class="oc-th oc-table-cell oc-table-cell-align-right oc-table-cell-align-bottom oc-table-cell-width-auto oc-text-nowrap oc-table-header-cell oc-table-header-cell-actions" style="top: 0px;">
        Actions
      </th>
    </tr>
  </thead>
  <tbody>
    <tr class="oc-tbody-tr oc-tbody-tr-forest" style="height: 64px;">
      <td class="oc-td oc-table-cell oc-table-cell-align-left oc-table-cell-align-middle oc-table-cell-width-shrink oc-table-data-cell oc-table-data-cell-select"><label for="oc-table-files-select-forest" class="oc-cursor-pointer"><input id="oc-table-files-select-forest" type="checkbox" name="checkbox" aria-label="Select" class="oc-checkbox oc-checkbox-l" value="[object Object]">
          <!---->
        </label></td>
      <td class="oc-td oc-table-cell oc-table-cell-align-left oc-table-cell-align-middle oc-table-cell-width-expand oc-text-truncate oc-table-data-cell oc-table-data-cell-name">
        <div class="oc-resource oc-text-overflow"><img src="https://cdn.pixabay.com/photo/2015/09/09/16/05/forest-931706_960_720.jpg" aria-hidden="true" width="40" height="40" class="oc-resource-preview">
          <div class="oc-resource-details oc-text-overflow"><button class="oc-text-overflow oc-button oc-button-m oc-button-justify-content-center oc-button-gap-undefined oc-button-raw oc-button-raw-color-default">
              <div resource-path="images/nature/forest.jpg" resource-name="forest.jpg" class="oc-resource-name oc-text-truncate">
                <!----><span class="oc-resource-basename">forest</span><span class="oc-resource-extension">.jpg</span>
              </div>
            </button>
            <div class="oc-resource-indicators">
              <div class="oc-status-indicators"><button aria-label="Shared with other people" class="oc-status-indicators-indicator oc-button oc-button-m oc-button-justify-content-center oc-button-gap-m oc-button-raw oc-button-raw-color-default" id="files-sharing" uk-tooltip="Shared with other people"><span aria-label="icon" class="oc-icon oc-icon-m oc-icon-passive" aria-hidden="true">function SvgGroup(props) {
  return React.createElement(
    'svg', 
    Object.assign({}, props, {'data-file-name': SvgGroup.name})
  );
}</span></button><span aria-label="Shared via link" class="oc-status-indicators-indicator oc-icon oc-icon-m oc-icon-passive" id="file-link" tabindex="-1" uk-tooltip="Shared via link">function SvgLink(props) {
  return React.createElement(
    'svg', 
    Object.assign({}, props, {'data-file-name': SvgLink.name})
  );
}</span></div>
            </div>
          </div>
        </div>
      </td>
      <td class="oc-td oc-table-cell oc-table-cell-align-right oc-table-cell-align-middle oc-table-cell-width-auto oc-text-nowrap oc-table-data-cell oc-table-data-cell-size"><span class="oc-resource-size">105.9 MB</span></td>
      <td class="oc-td oc-table-cell oc-table-cell-align-right oc-table-cell-align-middle oc-table-cell-width-auto oc-text-nowrap oc-table-data-cell oc-table-data-cell-sharedWith">
        <div uk-tooltip="Bob, Marie, John Richards Emperor of long names" class="oc-avatar-group oc-table-files-people oc-avatar-group-stacked">
          <div class="vue-avatar--wrapper oc-avatar" style="display: flex; width: 30px; height: 30px; border-radius: 50%; line-height: 31px; font-weight: bold; align-items: center; justify-content: center; text-align: center; user-select: none;" alt="Bob"><img src="https://images.unsplash.com/photo-1610216705422-caa3fcb6d158?ixid=MXwxMjA3fDB8MHxzZWFyY2h8MTB8fGZhY2V8ZW58MHwyfDB8&amp;ixlib=rb-1.2.1&amp;auto=format&amp;fit=crop&amp;w=800&amp;q=60" style="display: none;"> <span style="display: none;"></span></div>
          <div class="vue-avatar--wrapper oc-avatar" style="display: flex; width: 30px; height: 30px; border-radius: 50%; line-height: 31px; font-weight: bold; align-items: center; justify-content: center; text-align: center; user-select: none;" alt="Marie"><img src="https://images.unsplash.com/photo-1584308972272-9e4e7685e80f?ixid=MXwxMjA3fDB8MHxzZWFyY2h8Mzh8fGZhY2V8ZW58MHwyfDB8&amp;ixlib=rb-1.2.1&amp;auto=format&amp;fit=crop&amp;w=800&amp;q=60" style="display: none;"> <span style="display: none;"></span></div>
          <div class="vue-avatar--wrapper oc-avatar" style="display: flex; width: 30px; height: 30px; border-radius: 50%; align-items: center; justify-content: center; text-align: center; user-select: none; background-color: rgb(63, 81, 181); font: sans-serif; color: rgb(143, 161, 255);" alt="John Richards Emperor of long names">
            <!----> <span>J</span>
          </div>
          <!---->
          <!---->
        </div>
      </td>
      <td class="oc-td oc-table-cell oc-table-cell-align-right oc-table-cell-align-middle oc-table-cell-width-auto oc-text-nowrap oc-table-data-cell oc-table-data-cell-owner">
        <div uk-tooltip="Bob" class="oc-avatar-group oc-table-files-people">
          <div class="vue-avatar--wrapper oc-avatar" style="display: flex; width: 30px; height: 30px; border-radius: 50%; line-height: 31px; font-weight: bold; align-items: center; justify-content: center; text-align: center; user-select: none;" alt="Bob"><img src="https://images.unsplash.com/photo-1610216705422-caa3fcb6d158?ixid=MXwxMjA3fDB8MHxzZWFyY2h8MTB8fGZhY2V8ZW58MHwyfDB8&amp;ixlib=rb-1.2.1&amp;auto=format&amp;fit=crop&amp;w=800&amp;q=60" style="display: none;"> <span style="display: none;"></span></div>
          <!---->
          <!---->
        </div>
      </td>
      <td class="oc-td oc-table-cell oc-table-cell-align-right oc-table-cell-align-middle oc-table-cell-width-auto oc-text-nowrap oc-table-data-cell oc-table-data-cell-mdate">
        1 day ago
      </td>
      <td class="oc-td oc-table-cell oc-table-cell-align-right oc-table-cell-align-middle oc-table-cell-width-auto oc-text-nowrap oc-table-data-cell oc-table-data-cell-sdate">
        1 day ago
      </td>
      <td class="oc-td oc-table-cell oc-table-cell-align-right oc-table-cell-align-middle oc-table-cell-width-auto oc-text-nowrap oc-table-data-cell oc-table-data-cell-ddate">
        1 day ago
      </td>
      <td class="oc-td oc-table-cell oc-table-cell-align-right oc-table-cell-align-middle oc-table-cell-width-auto oc-text-nowrap oc-table-data-cell oc-table-data-cell-actions">
        <div class="oc-table-files-actions"> <button aria-label="Show details" class="oc-table-files-btn-show-details oc-button oc-button-m oc-button-justify-content-center oc-button-gap-m oc-button-raw oc-button-raw-color-default"><span aria-label="icon" class="oc-icon oc-icon-m oc-icon-system" aria-hidden="true">function SvgMore_vert(props) {
  return React.createElement(
    'svg', 
    Object.assign({}, props, {'data-file-name': SvgMore_vert.name})
  );
}</span></button></div>
      </td>
    </tr>
    <tr class="oc-tbody-tr oc-tbody-tr-notes" style="height: 64px;">
      <td class="oc-td oc-table-cell oc-table-cell-align-left oc-table-cell-align-middle oc-table-cell-width-shrink oc-table-data-cell oc-table-data-cell-select"><label for="oc-table-files-select-notes" class="oc-cursor-pointer"><input id="oc-table-files-select-notes" type="checkbox" name="checkbox" aria-label="Select" class="oc-checkbox oc-checkbox-l" value="[object Object]">
          <!---->
        </label></td>
      <td class="oc-td oc-table-cell oc-table-cell-align-left oc-table-cell-align-middle oc-table-cell-width-expand oc-text-truncate oc-table-data-cell oc-table-data-cell-name">
        <div class="oc-resource oc-text-overflow"><span aria-label="icon" class="oc-icon oc-icon-l oc-icon-file-type" aria-hidden="true">function SvgText(props) {
  return React.createElement(
    'svg', 
    Object.assign({}, props, {'data-file-name': SvgText.name})
  );
}</span>
          <div class="oc-resource-details oc-text-overflow"><button class="oc-text-overflow oc-button oc-button-m oc-button-justify-content-center oc-button-gap-undefined oc-button-raw oc-button-raw-color-default">
              <div resource-path="/Documents/notes.txt" resource-name="notes.txt" class="oc-resource-name oc-text-truncate">
                <!----><span class="oc-resource-basename">notes</span><span class="oc-resource-extension">.txt</span>
              </div>
            </button>
            <div class="oc-resource-indicators">
              <div class="oc-status-indicators"><button aria-label="Shared with other people" class="oc-status-indicators-indicator oc-button oc-button-m oc-button-justify-content-center oc-button-gap-m oc-button-raw oc-button-raw-color-default" id="files-sharing" uk-tooltip="Shared with other people"><span aria-label="icon" class="oc-icon oc-icon-m oc-icon-passive" aria-hidden="true">function SvgGroup(props) {
  return React.createElement(
    'svg', 
    Object.assign({}, props, {'data-file-name': SvgGroup.name})
  );
}</span></button><span aria-label="Shared via link" class="oc-status-indicators-indicator oc-icon oc-icon-m oc-icon-passive" id="file-link" tabindex="-1" uk-tooltip="Shared via link">function SvgLink(props) {
  return React.createElement(
    'svg', 
    Object.assign({}, props, {'data-file-name': SvgLink.name})
  );
}</span></div>
            </div>
          </div>
        </div>
      </td>
      <td class="oc-td oc-table-cell oc-table-cell-align-right oc-table-cell-align-middle oc-table-cell-width-auto oc-text-nowrap oc-table-data-cell oc-table-data-cell-size"><span class="oc-resource-size">?</span></td>
      <td class="oc-td oc-table-cell oc-table-cell-align-right oc-table-cell-align-middle oc-table-cell-width-auto oc-text-nowrap oc-table-data-cell oc-table-data-cell-sharedWith">
        <div uk-tooltip="Bob, Marie, John Richards Emperor of long names" class="oc-avatar-group oc-table-files-people oc-avatar-group-stacked">
          <div class="vue-avatar--wrapper oc-avatar" style="display: flex; width: 30px; height: 30px; border-radius: 50%; line-height: 31px; font-weight: bold; align-items: center; justify-content: center; text-align: center; user-select: none;" alt="Bob"><img src="https://images.unsplash.com/photo-1610216705422-caa3fcb6d158?ixid=MXwxMjA3fDB8MHxzZWFyY2h8MTB8fGZhY2V8ZW58MHwyfDB8&amp;ixlib=rb-1.2.1&amp;auto=format&amp;fit=crop&amp;w=800&amp;q=60" style="display: none;"> <span style="display: none;"></span></div>
          <div class="vue-avatar--wrapper oc-avatar" style="display: flex; width: 30px; height: 30px; border-radius: 50%; line-height: 31px; font-weight: bold; align-items: center; justify-content: center; text-align: center; user-select: none;" alt="Marie"><img src="https://images.unsplash.com/photo-1584308972272-9e4e7685e80f?ixid=MXwxMjA3fDB8MHxzZWFyY2h8Mzh8fGZhY2V8ZW58MHwyfDB8&amp;ixlib=rb-1.2.1&amp;auto=format&amp;fit=crop&amp;w=800&amp;q=60" style="display: none;"> <span style="display: none;"></span></div>
          <div class="vue-avatar--wrapper oc-avatar" style="display: flex; width: 30px; height: 30px; border-radius: 50%; align-items: center; justify-content: center; text-align: center; user-select: none; background-color: rgb(63, 81, 181); font: sans-serif; color: rgb(143, 161, 255);" alt="John Richards Emperor of long names">
            <!----> <span>J</span>
          </div>
          <!---->
          <!---->
        </div>
      </td>
      <td class="oc-td oc-table-cell oc-table-cell-align-right oc-table-cell-align-middle oc-table-cell-width-auto oc-text-nowrap oc-table-data-cell oc-table-data-cell-owner">
        <div uk-tooltip="Bob" class="oc-avatar-group oc-table-files-people">
          <div class="vue-avatar--wrapper oc-avatar" style="display: flex; width: 30px; height: 30px; border-radius: 50%; line-height: 31px; font-weight: bold; align-items: center; justify-content: center; text-align: center; user-select: none;" alt="Bob"><img src="https://images.unsplash.com/photo-1610216705422-caa3fcb6d158?ixid=MXwxMjA3fDB8MHxzZWFyY2h8MTB8fGZhY2V8ZW58MHwyfDB8&amp;ixlib=rb-1.2.1&amp;auto=format&amp;fit=crop&amp;w=800&amp;q=60" style="display: none;"> <span style="display: none;"></span></div>
          <!---->
          <!---->
        </div>
      </td>
      <td class="oc-td oc-table-cell oc-table-cell-align-right oc-table-cell-align-middle oc-table-cell-width-auto oc-text-nowrap oc-table-data-cell oc-table-data-cell-mdate">
        1 day ago
      </td>
      <td class="oc-td oc-table-cell oc-table-cell-align-right oc-table-cell-align-middle oc-table-cell-width-auto oc-text-nowrap oc-table-data-cell oc-table-data-cell-sdate">
        1 day ago
      </td>
      <td class="oc-td oc-table-cell oc-table-cell-align-right oc-table-cell-align-middle oc-table-cell-width-auto oc-text-nowrap oc-table-data-cell oc-table-data-cell-ddate">
        1 day ago
      </td>
      <td class="oc-td oc-table-cell oc-table-cell-align-right oc-table-cell-align-middle oc-table-cell-width-auto oc-text-nowrap oc-table-data-cell oc-table-data-cell-actions">
        <div class="oc-table-files-actions"> <button aria-label="Show details" class="oc-table-files-btn-show-details oc-button oc-button-m oc-button-justify-content-center oc-button-gap-m oc-button-raw oc-button-raw-color-default"><span aria-label="icon" class="oc-icon oc-icon-m oc-icon-system" aria-hidden="true">function SvgMore_vert(props) {
  return React.createElement(
    'svg', 
    Object.assign({}, props, {'data-file-name': SvgMore_vert.name})
  );
}</span></button></div>
      </td>
    </tr>
    <tr class="oc-tbody-tr oc-tbody-tr-documents" style="height: 64px;">
      <td class="oc-td oc-table-cell oc-table-cell-align-left oc-table-cell-align-middle oc-table-cell-width-shrink oc-table-data-cell oc-table-data-cell-select"><label for="oc-table-files-select-documents" class="oc-cursor-pointer"><input id="oc-table-files-select-documents" type="checkbox" name="checkbox" aria-label="Select" class="oc-checkbox oc-checkbox-l" value="[object Object]">
          <!---->
        </label></td>
      <td class="oc-td oc-table-cell oc-table-cell-align-left oc-table-cell-align-middle oc-table-cell-width-expand oc-text-truncate oc-table-data-cell oc-table-data-cell-name">
        <div class="oc-resource oc-text-overflow"><span aria-label="icon" class="oc-icon oc-icon-l oc-icon-file-type" aria-hidden="true">function SvgFolder(props) {
  return React.createElement(
    'svg', 
    Object.assign({}, props, {'data-file-name': SvgFolder.name})
  );
}</span>
          <div class="oc-resource-details oc-text-overflow"><a class="oc-text-overflow">
              <div resource-path="/Documents" resource-name="Documents" class="oc-resource-name oc-text-truncate">
                <!----><span class="oc-resource-basename">Documents</span>
                <!---->
              </div>
            </a>
            <div class="oc-resource-indicators">
              <div class="oc-status-indicators"><button aria-label="Shared with other people" class="oc-status-indicators-indicator oc-button oc-button-m oc-button-justify-content-center oc-button-gap-m oc-button-raw oc-button-raw-color-default" id="files-sharing" uk-tooltip="Shared with other people"><span aria-label="icon" class="oc-icon oc-icon-m oc-icon-passive" aria-hidden="true">function SvgGroup(props) {
  return React.createElement(
    'svg', 
    Object.assign({}, props, {'data-file-name': SvgGroup.name})
  );
}</span></button><span aria-label="Shared via link" class="oc-status-indicators-indicator oc-icon oc-icon-m oc-icon-passive" id="file-link" tabindex="-1" uk-tooltip="Shared via link">function SvgLink(props) {
  return React.createElement(
    'svg', 
    Object.assign({}, props, {'data-file-name': SvgLink.name})
  );
}</span></div>
            </div>
          </div>
        </div>
      </td>
      <td class="oc-td oc-table-cell oc-table-cell-align-right oc-table-cell-align-middle oc-table-cell-width-auto oc-text-nowrap oc-table-data-cell oc-table-data-cell-size"><span class="oc-resource-size"></span></td>
      <td class="oc-td oc-table-cell oc-table-cell-align-right oc-table-cell-align-middle oc-table-cell-width-auto oc-text-nowrap oc-table-data-cell oc-table-data-cell-sharedWith">
        <div uk-tooltip="Bob, Marie, John Richards Emperor of long names" class="oc-avatar-group oc-table-files-people oc-avatar-group-stacked">
          <div class="vue-avatar--wrapper oc-avatar" style="display: flex; width: 30px; height: 30px; border-radius: 50%; line-height: 31px; font-weight: bold; align-items: center; justify-content: center; text-align: center; user-select: none;" alt="Bob"><img src="https://images.unsplash.com/photo-1610216705422-caa3fcb6d158?ixid=MXwxMjA3fDB8MHxzZWFyY2h8MTB8fGZhY2V8ZW58MHwyfDB8&amp;ixlib=rb-1.2.1&amp;auto=format&amp;fit=crop&amp;w=800&amp;q=60" style="display: none;"> <span style="display: none;"></span></div>
          <div class="vue-avatar--wrapper oc-avatar" style="display: flex; width: 30px; height: 30px; border-radius: 50%; line-height: 31px; font-weight: bold; align-items: center; justify-content: center; text-align: center; user-select: none;" alt="Marie"><img src="https://images.unsplash.com/photo-1584308972272-9e4e7685e80f?ixid=MXwxMjA3fDB8MHxzZWFyY2h8Mzh8fGZhY2V8ZW58MHwyfDB8&amp;ixlib=rb-1.2.1&amp;auto=format&amp;fit=crop&amp;w=800&amp;q=60" style="display: none;"> <span style="display: none;"></span></div>
          <div class="vue-avatar--wrapper oc-avatar" style="display: flex; width: 30px; height: 30px; border-radius: 50%; align-items: center; justify-content: center; text-align: center; user-select: none; background-color: rgb(63, 81, 181); font: sans-serif; color: rgb(143, 161, 255);" alt="John Richards Emperor of long names">
            <!----> <span>J</span>
          </div>
          <!---->
          <!---->
        </div>
      </td>
      <td class="oc-td oc-table-cell oc-table-cell-align-right oc-table-cell-align-middle oc-table-cell-width-auto oc-text-nowrap oc-table-data-cell oc-table-data-cell-owner">
        <div uk-tooltip="Bob" class="oc-avatar-group oc-table-files-people">
          <div class="vue-avatar--wrapper oc-avatar" style="display: flex; width: 30px; height: 30px; border-radius: 50%; line-height: 31px; font-weight: bold; align-items: center; justify-content: center; text-align: center; user-select: none;" alt="Bob"><img src="https://images.unsplash.com/photo-1610216705422-caa3fcb6d158?ixid=MXwxMjA3fDB8MHxzZWFyY2h8MTB8fGZhY2V8ZW58MHwyfDB8&amp;ixlib=rb-1.2.1&amp;auto=format&amp;fit=crop&amp;w=800&amp;q=60" style="display: none;"> <span style="display: none;"></span></div>
          <!---->
          <!---->
        </div>
      </td>
      <td class="oc-td oc-table-cell oc-table-cell-align-right oc-table-cell-align-middle oc-table-cell-width-auto oc-text-nowrap oc-table-data-cell oc-table-data-cell-mdate">
        1 day ago
      </td>
      <td class="oc-td oc-table-cell oc-table-cell-align-right oc-table-cell-align-middle oc-table-cell-width-auto oc-text-nowrap oc-table-data-cell oc-table-data-cell-sdate">
        1 day ago
      </td>
      <td class="oc-td oc-table-cell oc-table-cell-align-right oc-table-cell-align-middle oc-table-cell-width-auto oc-text-nowrap oc-table-data-cell oc-table-data-cell-ddate">
        1 day ago
      </td>
      <td class="oc-td oc-table-cell oc-table-cell-align-right oc-table-cell-align-middle oc-table-cell-width-auto oc-text-nowrap oc-table-data-cell oc-table-data-cell-actions">
        <div class="oc-table-files-actions"> <button aria-label="Show details" class="oc-table-files-btn-show-details oc-button oc-button-m oc-button-justify-content-center oc-button-gap-m oc-button-raw oc-button-raw-color-default"><span aria-label="icon" class="oc-icon oc-icon-m oc-icon-system" aria-hidden="true">function SvgMore_vert(props) {
  return React.createElement(
    'svg', 
    Object.assign({}, props, {'data-file-name': SvgMore_vert.name})
  );
}</span></button></div>
      </td>
    </tr>
  </tbody>
  <!---->
</table>
`;
